// Jest Snapshot v1, https://goo.gl/fbAQLP

exports[`utils .getArgs should parse the args 1`] = `
Object {
  "nodeBin": "/path/to/node",
  "runCfgPath": "./tests/kitchen-sink-tests/sauce-runner.json",
  "suiteName": "kitchen-sink-1",
}
`;

exports[`utils .getEnv should parse env variables from runConfig 1`] = `
Object {
  "A": "1",
  "B": "2",
  "C": "3",
  "HELLO": "WORLD",
}
`;

exports[`utils .prepareNpmEnv should set right registry for npm 1`] = `
Array [
  Array [
    Object {
      "registry": "my.registry",
      "retry": Object {
        "retries": 3,
      },
    },
    [Function],
  ],
]
`;
